// Jest Snapshot v1, https://goo.gl/fbAQLP

exports[`matches snapshot 1`] = `
<div
  className="sc-bdVaJa fmgAwK"
>
  <div
    className="sc-bwzfXH iLEoki"
  >
    <div
      className="ant-card ant-card-bordered"
    >
      <div
        className="ant-card-head"
        style={Object {}}
      >
        <div
          className="ant-card-head-wrapper"
        >
          <div
            className="ant-card-head-title"
          >
            <header>
              <div
                className="sc-htpNat bReljo"
              >
                <h1
                  aria-label={null}
                  className="ant-typography"
                  style={
                    Object {
                      "WebkitLineClamp": null,
                    }
                  }
                >
                  NASA Astronomy Photo of the Day
                </h1>
                <span
                  className="sc-bxivhb lfEVWt ant-calendar-picker"
                  onBlur={[Function]}
                  onFocus={[Function]}
                  onMouseEnter={[Function]}
                  onMouseLeave={[Function]}
                  style={Object {}}
                >
                  <div
                    onClick={[Function]}
                    onKeyDown={[Function]}
                    onMouseDown={[Function]}
                    onTouchStart={[Function]}
                  >
                    <input
                      className="ant-calendar-picker-input ant-input"
                      placeholder="Select date"
                      readOnly={true}
                      value="Invalid date"
                    />
                    <i
                      aria-label="icon: close-circle"
                      className="anticon anticon-close-circle ant-calendar-picker-clear"
                      onClick={[Function]}
                      tabIndex={-1}
                    >
                      <svg
                        aria-hidden="true"
                        className=""
                        data-icon="close-circle"
                        fill="currentColor"
                        focusable="false"
                        height="1em"
                        viewBox="64 64 896 896"
                        width="1em"
                      >
                        <path
                          d="M512 64C264.6 64 64 264.6 64 512s200.6 448 448 448 448-200.6 448-448S759.4 64 512 64zm165.4 618.2l-66-.3L512 563.4l-99.3 118.4-66.1.3c-4.4 0-8-3.5-8-8 0-1.9.7-3.7 1.9-5.2l130.1-155L340.5 359a8.32 8.32 0 0 1-1.9-5.2c0-4.4 3.6-8 8-8l66.1.3L512 464.6l99.3-118.4 66-.3c4.4 0 8 3.5 8 8 0 1.9-.7 3.7-1.9 5.2L553.5 514l130 155c1.2 1.5 1.9 3.3 1.9 5.2 0 4.4-3.6 8-8 8z"
                        />
                      </svg>
                    </i>
                    <i
                      aria-label="icon: calendar"
                      className="anticon anticon-calendar ant-calendar-picker-icon"
                    >
                      <svg
                        aria-hidden="true"
                        className=""
                        data-icon="calendar"
                        fill="currentColor"
                        focusable="false"
                        height="1em"
                        viewBox="64 64 896 896"
                        width="1em"
                      >
                        <path
                          d="M880 184H712v-64c0-4.4-3.6-8-8-8h-56c-4.4 0-8 3.6-8 8v64H384v-64c0-4.4-3.6-8-8-8h-56c-4.4 0-8 3.6-8 8v64H144c-17.7 0-32 14.3-32 32v664c0 17.7 14.3 32 32 32h736c17.7 0 32-14.3 32-32V216c0-17.7-14.3-32-32-32zm-40 656H184V460h656v380zM184 392V256h128v48c0 4.4 3.6 8 8 8h56c4.4 0 8-3.6 8-8v-48h256v48c0 4.4 3.6 8 8 8h56c4.4 0 8-3.6 8-8v-48h128v136H184z"
                        />
                      </svg>
                    </i>
                  </div>
                </span>
              </div>
            </header>
          </div>
        </div>
      </div>
      <div
        className="ant-card-body"
        style={Object {}}
      >
        <section>
          <div
            className="sc-ifAKCX bfaAB"
          >
            <h2
              aria-label={null}
              className="ant-typography"
              style={
                Object {
                  "WebkitLineClamp": null,
                }
              }
            >
              
            </h2>
            <div
              className="sc-EHOje eXbFZd"
            >
              <img
                width="500"
              />
            </div>
            <button
              className="ant-btn sc-bZQynM jdAYdX"
              onClick={[Function]}
              onMouseDown={[Function]}
              onTouchStart={[Function]}
              type="button"
            >
              <span>
                Details
              </span>
            </button>
          </div>
        </section>
      </div>
    </div>
  </div>
</div>
`;
